// GENERATED BY UNITY. REMOVE THIS COMMENT TO PREVENT OVERWRITING WHEN EXPORTING AGAIN

buildscript {
    repositories {
        google()
        jcenter()
    }

    dependencies {
        classpath 'com.android.tools.build:gradle:3.4.2'
}
}

allprojects {
    repositories {
        google()
        jcenter()
        flatDir {
            dirs 'libs'
        }
    }
}

// Android Resolver Repos Start
([rootProject] + (rootProject.subprojects as List)).each { project ->
    project.repositories {
        maven {
            url "https://maven.google.com"
        }
        maven {
            url (unityProjectPath + "/Assets/GeneratedLocalRepo/Firebase/m2repository") // Assets/Firebase/Editor/AnalyticsDependencies.xml:18, Assets/Firebase/Editor/AppDependencies.xml:22
        }
        maven {
            url "https://android-sdk.is.com/" // Assets/IronSource/Editor/IronSourceSDKDependencies.xml:9, Assets/IronSource/Editor/ISAdColonyAdapterDependencies.xml:16, Assets/IronSource/Editor/ISAdMobAdapterDependencies.xml:16, Assets/IronSource/Editor/ISAppLovinAdapterDependencies.xml:8, Assets/IronSource/Editor/ISAPSAdapterDependencies.xml:8, Assets/IronSource/Editor/ISChartboostAdapterDependencies.xml:8, Assets/IronSource/Editor/ISFacebookAdapterDependencies.xml:16, Assets/IronSource/Editor/ISFyberAdapterDependencies.xml:16, Assets/IronSource/Editor/ISInMobiAdapterDependencies.xml:8, Assets/IronSource/Editor/ISMintegralAdapterDependencies.xml:48, Assets/IronSource/Editor/ISPangleAdapterDependencies.xml:8, Assets/IronSource/Editor/ISTapJoyAdapterDependencies.xml:8, Assets/IronSource/Editor/ISUnityAdsAdapterDependencies.xml:8, Assets/IronSource/Editor/ISVungleAdapterDependencies.xml:16
        }
        maven {
            url "https://maven.google.com/" // Assets/IronSource/Editor/IronSourceSDKDependencies.xml:17, Assets/IronSource/Editor/IronSourceSDKDependencies.xml:25, Assets/IronSource/Editor/ISAdColonyAdapterDependencies.xml:8, Assets/IronSource/Editor/ISAdMobAdapterDependencies.xml:8, Assets/IronSource/Editor/ISAppLovinAdapterDependencies.xml:15, Assets/IronSource/Editor/ISChartboostAdapterDependencies.xml:15, Assets/IronSource/Editor/ISFacebookAdapterDependencies.xml:8, Assets/IronSource/Editor/ISInMobiAdapterDependencies.xml:22, Assets/IronSource/Editor/ISMintegralAdapterDependencies.xml:40, Assets/IronSource/Editor/ISUnityAdsAdapterDependencies.xml:15
        }
        maven {
            url "https://repo.maven.apache.org/maven2/" // Assets/IronSource/Editor/ISFyberAdapterDependencies.xml:8, Assets/IronSource/Editor/ISInMobiAdapterDependencies.xml:15
        }
        maven {
            url "https://dl-maven-android.mintegral.com/repository/mbridge_android_sdk_oversea/" // Assets/IronSource/Editor/ISMintegralAdapterDependencies.xml:8, Assets/IronSource/Editor/ISMintegralAdapterDependencies.xml:16, Assets/IronSource/Editor/ISMintegralAdapterDependencies.xml:24, Assets/IronSource/Editor/ISMintegralAdapterDependencies.xml:32
        }
        maven {
            url "https://artifact.bytedance.com/repository/pangle/" // Assets/IronSource/Editor/ISPangleAdapterDependencies.xml:15
        }
        maven {
            url "https://sdk.tapjoy.com/" // Assets/IronSource/Editor/ISTapJoyAdapterDependencies.xml:15
        }
        maven {
            url "https://jitpack.io/" // Assets/IronSource/Editor/ISVungleAdapterDependencies.xml:8
        }
        mavenLocal()
        mavenCentral()
    }
}
// Android Resolver Repos End
apply plugin: 'com.android.library'


dependencies {
    implementation fileTree(dir: 'libs', include: ['*.jar'])

// Android Resolver Dependencies Start
    implementation 'androidx.legacy:legacy-support-v4:1.0.0' // Assets/IronSource/Editor/ISInMobiAdapterDependencies.xml:22
    implementation 'androidx.recyclerview:recyclerview:1.2.1' // Assets/IronSource/Editor/ISMintegralAdapterDependencies.xml:40
    implementation 'com.adcolony:sdk:4.8.0' // Assets/IronSource/Editor/ISAdColonyAdapterDependencies.xml:8
    // implementation 'com.android.installreferrer:installreferrer:1.0' // Assets/Panteon/Editor/PanteonDependencies.xml:43
    implementation 'com.android.installreferrer:installreferrer:2.1' // Assets/AppsFlyer/Editor/AppsFlyerDependencies.xml:10
    implementation 'com.android.support:appcompat-v7:25.3.1' // Facebook.Unity.Editor.AndroidSupportLibraryResolver.addSupportLibraryDependency
    // implementation 'com.android.support:cardview-v7:[26.0.0, 27.2.0[' // Assets/OneSignal/Editor/OneSignalDependencies.xml:7
    implementation 'com.android.support:cardview-v7:25.3.1' // Facebook.Unity.Editor.AndroidSupportLibraryResolver.addSupportLibraryDependency
    // implementation 'com.android.support:customtabs:[26.0.0, 27.2.0[' // Assets/OneSignal/Editor/OneSignalDependencies.xml:8
    implementation 'com.android.support:customtabs:25.3.1' // Facebook.Unity.Editor.AndroidSupportLibraryResolver.addSupportLibraryDependency
    implementation 'com.android.support:multidex:1+' // Packages/com.rocket.rocketad/Runtime/RocketResources/RocketAd/Editor/RocketAdDependencies.xml:5
    // implementation 'com.android.support:support-v4:[26.0.0, 27.2.0[' // Assets/OneSignal/Editor/OneSignalDependencies.xml:6
    implementation 'com.android.support:support-v4:25.3.1' // Facebook.Unity.Editor.AndroidSupportLibraryResolver.addSupportLibraryDependency
    implementation 'com.applovin:applovin-sdk:11.7.1' // Assets/IronSource/Editor/ISAppLovinAdapterDependencies.xml:15
    implementation 'com.appsflyer:adrevenue:6.9.1' // Assets/AppsFlyer/Editor/AppsFlyerAdrevenueDependencies.xml:4
    implementation 'com.appsflyer:af-android-sdk:6.10.1' // Assets/AppsFlyer/Editor/AppsFlyerDependencies.xml:6
    implementation 'com.appsflyer:af-purchaseconnector-unity:1.0.3' // Assets/AppsFlyer/Editor/AppsFlyerPurchaseConnectorDependencies.xml:5
    implementation 'com.appsflyer:purchase-connector:1.0.0' // Assets/AppsFlyer/Editor/AppsFlyerPurchaseConnectorDependencies.xml:6
    implementation 'com.appsflyer:unity-adrevenue-generic-wrapper:6.9.1' // Assets/AppsFlyer/Editor/AppsFlyerAdrevenueDependencies.xml:5
    implementation 'com.appsflyer:unity-wrapper:6.10.1' // Assets/AppsFlyer/Editor/AppsFlyerDependencies.xml:8
    implementation 'com.chartboost:chartboost-sdk:9.2.0' // Assets/IronSource/Editor/ISChartboostAdapterDependencies.xml:15
    implementation 'com.facebook.android:audience-network-sdk:6.13.7' // Assets/IronSource/Editor/ISFacebookAdapterDependencies.xml:8
    implementation 'com.facebook.android:facebook-applinks:[16.0,17)' // Assets/FacebookSDK/Plugins/Editor/Dependencies.xml:6
    implementation 'com.facebook.android:facebook-core:[16.0,17)' // Assets/FacebookSDK/Plugins/Editor/Dependencies.xml:5
    implementation 'com.facebook.android:facebook-gamingservices:[16.0,17)' // Assets/FacebookSDK/Plugins/Editor/Dependencies.xml:9
    implementation 'com.facebook.android:facebook-login:[16.0,17)' // Assets/FacebookSDK/Plugins/Editor/Dependencies.xml:7
    implementation 'com.facebook.android:facebook-share:[16.0,17)' // Assets/FacebookSDK/Plugins/Editor/Dependencies.xml:8
    implementation 'com.fyber:marketplace-sdk:8.2.2' // Assets/IronSource/Editor/ISFyberAdapterDependencies.xml:8
    implementation 'com.google.android.gms:play-services-ads:21.5.0' // Assets/IronSource/Editor/ISAdMobAdapterDependencies.xml:8
    implementation 'com.google.android.gms:play-services-ads-identifier:18.0.1' // Assets/IronSource/Editor/IronSourceSDKDependencies.xml:17
    // implementation 'com.google.android.gms:play-services-base:[10.2.1, 12.1.0[' // Assets/OneSignal/Editor/OneSignalDependencies.xml:3
    implementation 'com.google.android.gms:play-services-base:18.2.0' // Assets/Firebase/Editor/AppDependencies.xml:17
    implementation 'com.google.android.gms:play-services-basement:18.1.0' // Assets/IronSource/Editor/IronSourceSDKDependencies.xml:25
    implementation 'com.google.android.gms:play-services-location:[10.2.1, 12.1.0[' // Assets/OneSignal/Editor/OneSignalDependencies.xml:5
    implementation 'com.google.firebase:firebase-analytics:21.3.0' // Assets/Firebase/Editor/AppDependencies.xml:15
    implementation 'com.google.firebase:firebase-analytics-unity:11.1.0' // Assets/Firebase/Editor/AnalyticsDependencies.xml:18
    implementation 'com.google.firebase:firebase-app-unity:11.1.0' // Assets/Firebase/Editor/AppDependencies.xml:22
    implementation 'com.google.firebase:firebase-common:20.3.2' // Assets/Firebase/Editor/AppDependencies.xml:13
    implementation 'com.google.firebase:firebase-messaging:[10.2.1, 12.1.0[' // Assets/OneSignal/Editor/OneSignalDependencies.xml:4
    implementation 'com.inmobi.monetization:inmobi-ads:10.1.2' // Assets/IronSource/Editor/ISInMobiAdapterDependencies.xml:15
    implementation 'com.ironsource.adapters:adcolonyadapter:4.3.14' // Assets/IronSource/Editor/ISAdColonyAdapterDependencies.xml:16
    implementation 'com.ironsource.adapters:admobadapter:4.3.36' // Assets/IronSource/Editor/ISAdMobAdapterDependencies.xml:16
    implementation 'com.ironsource.adapters:applovinadapter:4.3.37' // Assets/IronSource/Editor/ISAppLovinAdapterDependencies.xml:8
    implementation 'com.ironsource.adapters:apsadapter:4.3.8' // Assets/IronSource/Editor/ISAPSAdapterDependencies.xml:8
    implementation 'com.ironsource.adapters:chartboostadapter:4.3.11' // Assets/IronSource/Editor/ISChartboostAdapterDependencies.xml:8
    implementation 'com.ironsource.adapters:facebookadapter:4.3.40' // Assets/IronSource/Editor/ISFacebookAdapterDependencies.xml:16
    implementation 'com.ironsource.adapters:fyberadapter:4.3.24' // Assets/IronSource/Editor/ISFyberAdapterDependencies.xml:16
    implementation 'com.ironsource.adapters:inmobiadapter:4.3.17' // Assets/IronSource/Editor/ISInMobiAdapterDependencies.xml:8
    implementation 'com.ironsource.adapters:mintegraladapter:4.3.13' // Assets/IronSource/Editor/ISMintegralAdapterDependencies.xml:48
    implementation 'com.ironsource.adapters:pangleadapter:4.3.17' // Assets/IronSource/Editor/ISPangleAdapterDependencies.xml:8
    implementation 'com.ironsource.adapters:tapjoyadapter:4.1.24' // Assets/IronSource/Editor/ISTapJoyAdapterDependencies.xml:8
    implementation 'com.ironsource.adapters:unityadsadapter:4.3.28' // Assets/IronSource/Editor/ISUnityAdsAdapterDependencies.xml:8
    implementation 'com.ironsource.adapters:vungleadapter:4.3.20' // Assets/IronSource/Editor/ISVungleAdapterDependencies.xml:16
    implementation 'com.ironsource.sdk:mediationsdk:7.3.0.1' // Assets/IronSource/Editor/IronSourceSDKDependencies.xml:9
    implementation 'com.mbridge.msdk.oversea:mbbanner:16.3.81' // Assets/IronSource/Editor/ISMintegralAdapterDependencies.xml:24
    implementation 'com.mbridge.msdk.oversea:mbbid:16.3.81' // Assets/IronSource/Editor/ISMintegralAdapterDependencies.xml:32
    implementation 'com.mbridge.msdk.oversea:newinterstitial:16.3.81' // Assets/IronSource/Editor/ISMintegralAdapterDependencies.xml:8
    implementation 'com.mbridge.msdk.oversea:reward:16.3.81' // Assets/IronSource/Editor/ISMintegralAdapterDependencies.xml:16
    implementation 'com.pangle.global:ads-sdk:5.0.0.8' // Assets/IronSource/Editor/ISPangleAdapterDependencies.xml:15
    implementation 'com.parse.bolts:bolts-android:1.4.0' // Assets/FacebookSDK/Plugins/Editor/Dependencies.xml:4
    implementation 'com.tapjoy:tapjoy-android-sdk:12.11.1' // Assets/IronSource/Editor/ISTapJoyAdapterDependencies.xml:15
    implementation 'com.unity3d.ads:unity-ads:4.6.1' // Assets/IronSource/Editor/ISUnityAdsAdapterDependencies.xml:15
    implementation 'com.vungle:publisher-sdk-android:6.12.1' // Assets/IronSource/Editor/ISVungleAdapterDependencies.xml:8
// Android Resolver Dependencies End
    implementation(name: 'AndroidNative', ext:'aar')
    implementation(name: 'billing-5.1.0', ext:'aar')
    implementation(name: 'common', ext:'aar')
    implementation(name: 'facebook-android-wrapper-16.0.0', ext:'aar')
    implementation(name: 'onesignal-unity', ext:'aar')
    implementation(name: 'PaperPlaneToolsAlert', ext:'aar')
    implementation(name: 'sentry-android-core-release', ext:'aar')
    implementation(name: 'sentry-android-ndk-release', ext:'aar')
    implementation project('FirebaseApp.androidlib')
    implementation project('IronSource.plugin')
    implementation project('RocketAd.plugin')
    implementation project('RocketGMAppsFlyer.plugin')
    implementation project('unity-android-resources')
}

// Android Resolver Exclusions Start
android {
  packagingOptions {
      exclude ('/lib/armeabi/*' + '*')
      exclude ('/lib/mips/*' + '*')
      exclude ('/lib/mips64/*' + '*')
      exclude ('/lib/x86/*' + '*')
      exclude ('/lib/x86_64/*' + '*')
  }
}
// Android Resolver Exclusions End
android {
    useLibrary 'org.apache.http.legacy'
    compileSdkVersion 30
    buildToolsVersion '30.0.2'

    compileOptions {
        sourceCompatibility JavaVersion.VERSION_1_8
        targetCompatibility JavaVersion.VERSION_1_8
    }

    defaultConfig {
        minSdkVersion 21
        targetSdkVersion 30
        ndk {
            abiFilters 'armeabi-v7a', 'arm64-v8a'
        }
        versionCode 66
        versionName '1.53'
        multiDexEnabled true
    }

    lintOptions {
        abortOnError false
        disable 'MissingTranslation'
    }

    aaptOptions {
         noCompress = ['.ress', '.resource', '.obb'] + unityStreamingAssets.tokenize(', ')
         ignoreAssetsPattern = "!.svn:!.git:!.ds_store:!*.scc:.*:!CVS:!thumbs.db:!picasa.ini:!*~"
     }


    signingConfigs {
        release {
            storeFile file(HOMESWEETHOME_RELEASE_STORE_FILE)
            storePassword HOMESWEETHOME_RELEASE_STORE_PASSWORD
            keyAlias HOMESWEETHOME_RELEASE_KEY_ALIAS
            keyPassword HOMESWEETHOME_RELEASE_KEY_PASSWORD
        }
    }

    buildTypes {
        debug {
            minifyEnabled true

            proguardFiles getDefaultProguardFile('proguard-android.txt'), 'proguard-unity.txt', 'proguard-user.txt', 'proguard-sentry-unity.pro'
            jniDebuggable true
        }
        release {
            minifyEnabled true

            proguardFiles getDefaultProguardFile('proguard-android.txt'), 'proguard-unity.txt', 'proguard-user.txt', 'proguard-sentry-unity.pro'
            signingConfig signingConfigs.release
        }
    }

    packagingOptions {
        doNotStrip '*/armeabi-v7a/*.so'
        doNotStrip '*/arm64-v8a/*.so'
    }

    bundle {
        language {
            enableSplit = false
        }
        density {
            enableSplit = false
        }
        abi {
            enableSplit = true
        }
    }
}
