#include <Sentry/Sentry.h>
#include "SentryOptions.m"
#include <UnityFramework/UnityFramework.h>

UnityFramework* UnityFrameworkLoad()
{
    NSString* bundlePath = nil;
    bundlePath = [[NSBundle mainBundle] bundlePath];
    bundlePath = [bundlePath stringByAppendingString: @"/Frameworks/UnityFramework.framework"];

    NSBundle* bundle = [NSBundle bundleWithPath: bundlePath];
    if ([bundle isLoaded] == false) [bundle load];

    UnityFramework* ufw = [bundle.principalClass getInstance];
    if (![ufw appController])
    {
        // unity is not initialized
        [ufw setExecuteHeader: &_mh_execute_header];
    }
    return ufw;
}

int main(int argc, char* argv[])
{
    @autoreleasepool
    {
        SentryOptions* options = getSentryOptions();
        if(options != nil)
        {
            [SentrySDK startWithOptions:options];
        }

        id ufw = UnityFrameworkLoad();
        [ufw runUIApplicationMainWithArgc: argc argv: argv];
        return 0;
    }
}
