
buildscript {
    repositories {
        google()
        jcenter()
    }

    dependencies {
        classpath 'com.android.tools.build:gradle:3.2.0'

id 'org.jetbrains.kotlin.android' version '1.7.22' apply false}
}

allprojects {
    repositories {
        google()
        jcenter()
        flatDir {
            dirs 'libs'
        }
    }
}

apply plugin: 'com.android.library'
apply plugin: 'kotlin-android'


dependencies {
    implementation fileTree(dir: 'libs', include: ['*.jar'])
	implementation 'com.android.support.constraint:constraint-layout:1.1.3'
	implementation 'androidx.security:security-crypto:1.1.0-alpha06'

}

dependencies {
    implementation(name: 'sentry-android-ndk-release', ext:'aar')
    implementation(name: 'sentry-android-core-release', ext:'aar')
}

android {
    compileSdkVersion 33
    buildToolsVersion '32.0.0'

    compileOptions {
        sourceCompatibility JavaVersion.VERSION_1_8
        targetCompatibility JavaVersion.VERSION_1_8
    }

    defaultConfig {
consumerProguardFiles 'proguard-unity.txt', 'proguard-user.txt'
        minSdkVersion 22
        targetSdkVersion 33

        ndk {
            abiFilters 'arm64-v8a'
        }
        versionCode 1
        versionName '0.1'
    }

    lintOptions {
        abortOnError false
    }

    aaptOptions {
         noCompress = ['.ress', '.resource', '.obb'] + unityStreamingAssets.tokenize(', ')
         ignoreAssetsPattern = "!.svn:!.git:!.ds_store:!*.scc:.*:!CVS:!thumbs.db:!picasa.ini:!*~"
    }

    buildTypes {
        debug {
            minifyEnabled false

            proguardFiles getDefaultProguardFile('proguard-android.txt'), 'proguard-unity.txt', 'proguard-user.txt'
            jniDebuggable true
        }
        release {
            minifyEnabled false

            proguardFiles getDefaultProguardFile('proguard-android.txt'), 'proguard-unity.txt', 'proguard-user.txt'
            signingConfig signingConfigs.debug
        }
    }

    packagingOptions {
        doNotStrip '*/arm64-v8a/*.so'
    }


}
