apply plugin: 'com.android.library'
apply plugin: 'kotlin-android'

dependencies {
    implementation fileTree(dir: 'libs', include: ['*.jar'])
    implementation 'org.jetbrains.kotlin:kotlin-stdlib-jdk7:1.7.22'
}

repositories {
    mavenCentral()
}

dependencies {
    implementation(name: 'sentry-android-ndk-release', ext:'aar')
    implementation(name: 'sentry-android-core-release', ext:'aar')
}

android {
    ndkPath "/Applications/Unity/Hub/Editor/2023.1.14f1/PlaybackEngines/AndroidPlayer/NDK"
    compileSdkVersion 33
    buildToolsVersion "32.0.0"

    compileOptions {
        sourceCompatibility JavaVersion.VERSION_11
        targetCompatibility JavaVersion.VERSION_11
    }

    defaultConfig {
        consumerProguardFiles "proguard-unity.txt", "proguard-user.txt"
        versionName "0.1"
        minSdkVersion 22
        targetSdkVersion 33
        versionCode 1

        ndk {
            abiFilters "arm64-v8a"
        }
    }

    lintOptions {
        abortOnError false
    }

    aaptOptions {
        ignoreAssetsPattern = "!.svn:!.git:!.ds_store:!*.scc:!CVS:!thumbs.db:!picasa.ini:!*~"
        noCompress = ['.unity3d', '.ress', '.resource', '.obb', '.bundle', '.unityexp'] + unityStreamingAssets.tokenize(', ')
    }

    packagingOptions {
        doNotStrip "*/arm64-v8a/*.so"
    }

    namespace "com.unity3d.player"
}


def getSdkDir() {
    Properties local = new Properties()
    local.load(new FileInputStream("${rootDir}/local.properties"))
    return local.getProperty('sdk.dir')
}

def BuildIl2Cpp(String workingDir, String configuration, String architecture, String abi, String[] staticLibraries) {
    def commandLineArgs = []
    commandLineArgs.add("--compile-cpp")
    commandLineArgs.add("--platform=Android")
    commandLineArgs.add("--architecture=" + architecture)
    commandLineArgs.add("--outputpath=" + workingDir + "/src/main/jniLibs/" + abi + "/libil2cpp.so")
    commandLineArgs.add("--baselib-directory=" + workingDir + "/src/main/jniStaticLibs/" + abi)
    commandLineArgs.add("--configuration=" + configuration)
    commandLineArgs.add("--dotnetprofile=unityaot-linux")
    commandLineArgs.add("--enable-debugger")
    commandLineArgs.add("--usymtool-path=" + workingDir + "/src/main/Il2CppOutputProject/usymtool")
    commandLineArgs.add("--profiler-report")
    commandLineArgs.add("--profiler-output-file=" + workingDir + "/build/il2cpp_"+ abi + "_" + configuration + "/il2cpp_conv.traceevents")
    commandLineArgs.add("--print-command-line")
    commandLineArgs.add("--static-lib-il2-cpp")
    commandLineArgs.add("--data-folder=" + workingDir + "/src/main/Il2CppOutputProject/Source/il2cppOutput/data")
    commandLineArgs.add("--generatedcppdir=" + workingDir + "/src/main/Il2CppOutputProject/Source/il2cppOutput")
    commandLineArgs.add("--cachedirectory=" + workingDir + "/build/il2cpp_"+ abi + "_" + configuration + "/il2cpp_cache")
    commandLineArgs.add("--tool-chain-path=" + android.ndkDirectory)
    staticLibraries.eachWithIndex {fileName, i->
        commandLineArgs.add("--additional-libraries=" + workingDir + "/src/main/jniStaticLibs/" + abi + "/" + fileName)
    }
    def executableExtension = ""
    if (org.gradle.internal.os.OperatingSystem.current().isWindows())
        executableExtension = ".exe"
    exec {
        executable workingDir + "/src/main/Il2CppOutputProject/IL2CPP/build/deploy/il2cpp" + executableExtension
        args commandLineArgs
        environment "ANDROID_SDK_ROOT", getSdkDir()
    }
    delete workingDir + "/src/main/jniLibs/" + abi + "/libil2cpp.sym.so"
    ant.move(file: workingDir + "/src/main/jniLibs/" + abi + "/libil2cpp.dbg.so", tofile: workingDir + "/symbols/" + abi + "/libil2cpp.so")
}

android {
    task BuildIl2CppTask {
        doLast {
              BuildIl2Cpp(projectDir.toString().replaceAll('\\\\', '/'), 'Release', 'arm64', 'arm64-v8a', [  ] as String[]);
        }
    }
    afterEvaluate {
        if (project(':unityLibrary').tasks.findByName('mergeDebugJniLibFolders'))
            project(':unityLibrary').mergeDebugJniLibFolders.dependsOn BuildIl2CppTask
        if (project(':unityLibrary').tasks.findByName('mergeReleaseJniLibFolders'))
            project(':unityLibrary').mergeReleaseJniLibFolders.dependsOn BuildIl2CppTask
    }
    sourceSets {
        main {
            jni.srcDirs = ["src/main/Il2CppOutputProject"]
        }
    }
}
