pluginManagement {
    repositories {

        gradlePluginPortal()
        google()
        mavenCentral()
    }
}

include ':launcher', ':unityLibrary'


dependencyResolutionManagement {
    repositoriesMode.set(RepositoriesMode.PREFER_SETTINGS)
    repositories {
        maven { url "${project(':unityLibrary').projectDir}/android-sdk-repository" }

        google()
        mavenCentral { content { excludeGroupByRegex "io\\.sentry.*" } }
        flatDir {
            dirs "${project(':unityLibrary').projectDir}/libs"
        }
    }
}
